// Jest Snapshot v1, https://goo.gl/fbAQLP

exports[`<HomePage /> should render and match the snapshot 1`] = `
<React.Fragment>
  <Helmet
    defer={true}
    encodeSpecialCharacters={true}
    prioritizeSeoTags={false}
  >
    <title>
      Codetitlan 
    </title>
    <meta
      content="A Boilerplate application homepage"
      name="description"
    />
  </Helmet>
  <ForwardRef
    color="secondary"
  >
    <WelcomeInteraction />
  </ForwardRef>
  <Memo
    canvasHeight={600}
    canvasWidth={600}
    palette="MONOCHROME"
    step={16}
    varianceFactor={100}
  />
</React.Fragment>
`;
